1788274110.541454793 NODE_SCRIPT_START
1788274110.543490283 NODE_PID=145152
1788274113.169704980 SERVER_STARTED pid=145262
1788274116.178892069 CLI_PID_FOUND pid=145203
1788274116.180409706 PRECHECK server_alive=yes cli_alive=yes
1788274116.182420579 KILLING_CLI pid=145203
1788274116.183598941 CLI_KILL_SENT
1788274116.216530618 POLL server_pid=145262 state=ALIVE elapsed=0.0s
1788274117.262367124 POLL server_pid=145262 state=DEAD elapsed=1.1s
1788274117.263545945 SERVER_DEATH_DETECTED pid=145262 elapsed=1.1s
1788274118.295162609 POLL server_pid=145262 state=DEAD elapsed=2.1s
1788274119.324211167 POLL server_pid=145262 state=DEAD elapsed=3.1s
1788274120.352697619 POLL server_pid=145262 state=DEAD elapsed=4.2s
1788274121.378557061 POLL server_pid=145262 state=DEAD elapsed=5.2s
1788274122.404617677 POLL server_pid=145262 state=DEAD elapsed=6.2s
1788274123.435795002 POLL server_pid=145262 state=DEAD elapsed=7.2s
1788274124.462482176 POLL server_pid=145262 state=DEAD elapsed=8.3s
1788274125.488124966 POLL server_pid=145262 state=DEAD elapsed=9.3s
1788274126.515211442 POLL server_pid=145262 state=DEAD elapsed=10.3s
1788274127.540499885 POLL server_pid=145262 state=DEAD elapsed=11.3s
1788274128.567055630 POLL server_pid=145262 state=DEAD elapsed=12.4s
1788274129.594451695 POLL server_pid=145262 state=DEAD elapsed=13.4s
1788274130.620946029 POLL server_pid=145262 state=DEAD elapsed=14.4s
1788274131.646802533 POLL server_pid=145262 state=DEAD elapsed=15.5s
1788274132.672886109 POLL server_pid=145262 state=DEAD elapsed=16.5s
1788274133.699820055 POLL server_pid=145262 state=DEAD elapsed=17.5s
1788274134.726492001 POLL server_pid=145262 state=DEAD elapsed=18.5s
1788274135.752740373 POLL server_pid=145262 state=DEAD elapsed=19.6s
1788274136.779566326 POLL server_pid=145262 state=DEAD elapsed=20.6s
1788274137.805617344 POLL server_pid=145262 state=DEAD elapsed=21.6s
1788274138.832730135 POLL server_pid=145262 state=DEAD elapsed=22.6s
1788274139.860288299 POLL server_pid=145262 state=DEAD elapsed=23.7s
1788274140.885918019 POLL server_pid=145262 state=DEAD elapsed=24.7s
1788274141.912081449 POLL server_pid=145262 state=DEAD elapsed=25.7s
1788274142.936864205 POLL server_pid=145262 state=DEAD elapsed=26.7s
1788274143.962658384 POLL server_pid=145262 state=DEAD elapsed=27.8s
1788274144.988631363 POLL server_pid=145262 state=DEAD elapsed=28.8s
1788274146.015667942 POLL server_pid=145262 state=DEAD elapsed=29.8s
1788274147.043689345 POLL server_pid=145262 state=DEAD elapsed=30.8s
1788274148.072605534 POLL server_pid=145262 state=DEAD elapsed=31.9s
1788274149.098830937 POLL server_pid=145262 state=DEAD elapsed=32.9s
1788274150.125949219 POLL server_pid=145262 state=DEAD elapsed=33.9s
1788274151.152146129 POLL server_pid=145262 state=DEAD elapsed=35.0s
1788274152.176702020 POLL server_pid=145262 state=DEAD elapsed=36.0s
1788274153.202242309 POLL server_pid=145262 state=DEAD elapsed=37.0s
1788274154.234284922 POLL server_pid=145262 state=DEAD elapsed=38.0s
1788274155.261100035 POLL server_pid=145262 state=DEAD elapsed=39.1s
1788274156.286603822 POLL server_pid=145262 state=DEAD elapsed=40.1s
1788274157.313800527 POLL server_pid=145262 state=DEAD elapsed=41.1s
1788274158.343592563 POLL server_pid=145262 state=DEAD elapsed=42.1s
1788274159.375684738 POLL server_pid=145262 state=DEAD elapsed=43.2s
1788274160.400633007 POLL server_pid=145262 state=DEAD elapsed=44.2s
1788274161.432863740 POLL server_pid=145262 state=DEAD elapsed=45.2s
1788274162.459385579 POLL server_pid=145262 state=DEAD elapsed=46.3s
1788274163.484667711 POLL server_pid=145262 state=DEAD elapsed=47.3s
1788274164.510103842 POLL server_pid=145262 state=DEAD elapsed=48.3s
1788274165.534902404 POLL server_pid=145262 state=DEAD elapsed=49.3s
1788274166.562070306 POLL server_pid=145262 state=DEAD elapsed=50.4s
1788274167.587762783 POLL server_pid=145262 state=DEAD elapsed=51.4s
1788274168.615328740 POLL server_pid=145262 state=DEAD elapsed=52.4s
1788274169.642116610 POLL server_pid=145262 state=DEAD elapsed=53.4s
1788274170.667500631 POLL server_pid=145262 state=DEAD elapsed=54.5s
1788274171.692302765 POLL server_pid=145262 state=DEAD elapsed=55.5s
1788274172.723660100 POLL server_pid=145262 state=DEAD elapsed=56.5s
1788274173.750594900 POLL server_pid=145262 state=DEAD elapsed=57.6s
1788274174.778124865 POLL server_pid=145262 state=DEAD elapsed=58.6s
1788274175.803077567 POLL server_pid=145262 state=DEAD elapsed=59.6s
1788274176.827728632 POLL server_pid=145262 state=DEAD elapsed=60.6s
1788274177.852097729 POLL server_pid=145262 state=DEAD elapsed=61.7s
1788274178.876978281 POLL server_pid=145262 state=DEAD elapsed=62.7s
1788274179.902697749 POLL server_pid=145262 state=DEAD elapsed=63.7s
1788274180.928039461 POLL server_pid=145262 state=DEAD elapsed=64.7s
1788274181.954276708 POLL server_pid=145262 state=DEAD elapsed=65.8s
1788274182.979715518 POLL server_pid=145262 state=DEAD elapsed=66.8s
1788274184.005798843 POLL server_pid=145262 state=DEAD elapsed=67.8s
1788274185.032803543 POLL server_pid=145262 state=DEAD elapsed=68.8s
1788274186.059568940 POLL server_pid=145262 state=DEAD elapsed=69.9s
1788274187.086853849 POLL server_pid=145262 state=DEAD elapsed=70.9s
1788274188.113276765 POLL server_pid=145262 state=DEAD elapsed=71.9s
1788274189.151319477 POLL server_pid=145262 state=DEAD elapsed=73.0s
1788274190.176734798 POLL server_pid=145262 state=DEAD elapsed=74.0s
1788274191.205543734 POLL server_pid=145262 state=DEAD elapsed=75.0s
1788274192.232000419 POLL server_pid=145262 state=DEAD elapsed=76.0s
1788274193.259682738 POLL server_pid=145262 state=DEAD elapsed=77.1s
1788274194.286880887 POLL server_pid=145262 state=DEAD elapsed=78.1s
1788274195.313919117 POLL server_pid=145262 state=DEAD elapsed=79.1s
1788274196.338991425 POLL server_pid=145262 state=DEAD elapsed=80.1s
1788274197.365130956 POLL server_pid=145262 state=DEAD elapsed=81.2s
1788274198.392569814 POLL server_pid=145262 state=DEAD elapsed=82.2s
1788274199.423233822 POLL server_pid=145262 state=DEAD elapsed=83.2s
1788274200.455804650 POLL server_pid=145262 state=DEAD elapsed=84.3s
1788274201.483463602 POLL server_pid=145262 state=DEAD elapsed=85.3s
1788274202.512972474 POLL server_pid=145262 state=DEAD elapsed=86.3s
1788274203.540603517 POLL server_pid=145262 state=DEAD elapsed=87.3s
1788274204.569717909 POLL server_pid=145262 state=DEAD elapsed=88.4s
1788274205.596180115 POLL server_pid=145262 state=DEAD elapsed=89.4s
1788274206.622464053 POLL server_pid=145262 state=DEAD elapsed=90.4s
1788274206.636016435 FINAL_STATE_AT_90s pid=145262 state=DEAD
