1788274487.600736333 LAUNCH
1788274490.451054634 SERVER_STARTED pid=148772
1788274490.459932731 REAL_NODE_PID_FOUND pid=148696
1788274490.472370496 CLI_PID_FOUND pid=148707
1788274493.481952661 PRECHECK node_alive=yes cli_alive=yes server_alive=yes
1788274493.485442935 KILLING_NODE pid=148696
1788274493.487549610 NODE_KILL_SENT
1788274493.509863587 POLL cli=ALIVE server=ALIVE elapsed=0.0s
1788274494.550046335 POLL cli=ALIVE server=ALIVE elapsed=1.0s
1788274495.604609751 POLL cli=ALIVE server=ALIVE elapsed=2.1s
1788274496.636259441 POLL cli=ALIVE server=ALIVE elapsed=3.1s
1788274497.673511043 POLL cli=ALIVE server=ALIVE elapsed=4.2s
1788274498.712195632 POLL cli=ALIVE server=ALIVE elapsed=5.2s
1788274499.741363107 POLL cli=ALIVE server=ALIVE elapsed=6.2s
1788274500.770975614 POLL cli=ALIVE server=ALIVE elapsed=7.3s
1788274501.798693059 POLL cli=ALIVE server=ALIVE elapsed=8.3s
1788274502.833075812 POLL cli=ALIVE server=ALIVE elapsed=9.3s
1788274503.863747441 POLL cli=ALIVE server=ALIVE elapsed=10.4s
1788274504.892811521 POLL cli=ALIVE server=ALIVE elapsed=11.4s
1788274505.925390221 POLL cli=ALIVE server=ALIVE elapsed=12.4s
1788274506.963612228 POLL cli=ALIVE server=ALIVE elapsed=13.5s
1788274508.002860992 POLL cli=ALIVE server=ALIVE elapsed=14.5s
1788274509.032169513 POLL cli=ALIVE server=ALIVE elapsed=15.5s
1788274510.069998781 POLL cli=ALIVE server=ALIVE elapsed=16.6s
1788274511.106958311 POLL cli=ALIVE server=ALIVE elapsed=17.6s
1788274512.142567649 POLL cli=ALIVE server=ALIVE elapsed=18.6s
1788274513.184708215 POLL cli=ALIVE server=ALIVE elapsed=19.7s
1788274514.214131550 POLL cli=ALIVE server=ALIVE elapsed=20.7s
1788274515.248766383 POLL cli=ALIVE server=ALIVE elapsed=21.7s
1788274516.277901055 POLL cli=ALIVE server=ALIVE elapsed=22.8s
1788274517.313114029 POLL cli=ALIVE server=ALIVE elapsed=23.8s
1788274518.344739428 POLL cli=ALIVE server=ALIVE elapsed=24.8s
1788274519.378818291 POLL cli=ALIVE server=ALIVE elapsed=25.9s
1788274520.411403716 POLL cli=ALIVE server=ALIVE elapsed=26.9s
1788274521.442698891 POLL cli=ALIVE server=ALIVE elapsed=27.9s
1788274522.481580766 POLL cli=ALIVE server=ALIVE elapsed=29.0s
1788274523.518662920 POLL cli=ALIVE server=ALIVE elapsed=30.0s
1788274523.531912169 FINAL_AT_30s server=ALIVE cli=ALIVE
1788274523.536087171 MANUAL_CLEANUP_SIGKILL_server pid=148772
1788274523.537709776 MANUAL_CLEANUP_SIGKILL_cli pid=148707
