1788273429.288597962 NODE_SCRIPT_START
1788273431.931250663 WATCH_START pid=140655
1788273431.932503355 POLL pid=140655 state=ALIVE
1788273432.435359479 POLL pid=140655 state=ALIVE
1788273432.938532677 POLL pid=140655 state=ALIVE
1788273433.440693623 POLL pid=140655 state=ALIVE
1788273433.943627576 POLL pid=140655 state=ALIVE
1788273434.446806075 POLL pid=140655 state=ALIVE
1788273434.949493886 POLL pid=140655 state=ALIVE
1788273435.451824375 POLL pid=140655 state=ALIVE
1788273435.954438541 POLL pid=140655 state=ALIVE
1788273436.456804117 POLL pid=140655 state=ALIVE
1788273436.959348262 POLL pid=140655 state=ALIVE
1788273437.461691527 POLL pid=140655 state=ALIVE
1788273437.964565369 POLL pid=140655 state=ALIVE
1788273438.467283227 POLL pid=140655 state=ALIVE
1788273438.969627468 POLL pid=140655 state=ALIVE
1788273439.471517966 POLL pid=140655 state=ALIVE
1788273439.973650789 POLL pid=140655 state=ALIVE
1788273440.476788498 POLL pid=140655 state=DEAD
1788273440.477832701 DEATH_DETECTED pid=140655
1788273440.790145121 NODE_SCRIPT_EXIT code=0
1788273440.979913659 POLL pid=140655 state=DEAD
1788273441.482227659 POLL pid=140655 state=DEAD
1788273441.985080087 POLL pid=140655 state=DEAD
1788273442.488710165 POLL pid=140655 state=DEAD
1788273442.991516120 POLL pid=140655 state=DEAD
1788273443.493979357 POLL pid=140655 state=DEAD
1788273443.996277312 POLL pid=140655 state=DEAD
1788273444.499009212 POLL pid=140655 state=DEAD
1788273445.001172917 POLL pid=140655 state=DEAD
1788273445.503362747 POLL pid=140655 state=DEAD
1788273445.794556286 POSTCHECK +5s pid=140655 state=DEAD
1788273446.005781593 POLL pid=140655 state=DEAD
1788273446.508510680 POLL pid=140655 state=DEAD
1788273447.011010927 POLL pid=140655 state=DEAD
1788273447.513119751 POLL pid=140655 state=DEAD
1788273448.015586547 POLL pid=140655 state=DEAD
1788273448.518071252 POLL pid=140655 state=DEAD
1788273449.020476127 POLL pid=140655 state=DEAD
1788273449.523255168 POLL pid=140655 state=DEAD
1788273450.026466593 POLL pid=140655 state=DEAD
1788273450.529262929 POLL pid=140655 state=DEAD
1788273450.798694962 POSTCHECK +10s pid=140655 state=DEAD
1788273451.031634105 POLL pid=140655 state=DEAD
1788273451.534209541 POLL pid=140655 state=DEAD
1788273452.036538736 POLL pid=140655 state=DEAD
1788273452.539278864 POLL pid=140655 state=DEAD
1788273453.042303793 POLL pid=140655 state=DEAD
1788273453.544694042 POLL pid=140655 state=DEAD
1788273454.047568110 POLL pid=140655 state=DEAD
1788273454.549530200 POLL pid=140655 state=DEAD
1788273455.051695489 POLL pid=140655 state=DEAD
1788273455.554040040 POLL pid=140655 state=DEAD
1788273455.801952873 POSTCHECK +15s pid=140655 state=DEAD
1788273456.056634951 POLL pid=140655 state=DEAD
1788273456.558656662 POLL pid=140655 state=DEAD
1788273457.298234001 POLL pid=140655 state=DEAD
1788273457.801606542 POLL pid=140655 state=DEAD
1788273458.304798219 POLL pid=140655 state=DEAD
1788273458.807717969 POLL pid=140655 state=DEAD
1788273459.310568724 POLL pid=140655 state=DEAD
1788273459.813030502 POLL pid=140655 state=DEAD
1788273460.316388469 POLL pid=140655 state=DEAD
1788273460.818732540 POLL pid=140655 state=DEAD
1788273461.042289941 POSTCHECK +20s pid=140655 state=DEAD
1788273461.321009300 POLL pid=140655 state=DEAD
1788273461.824338492 POLL pid=140655 state=DEAD
1788273462.327120209 POLL pid=140655 state=DEAD
1788273462.829926414 POLL pid=140655 state=DEAD
1788273463.332684458 POLL pid=140655 state=DEAD
1788273463.835032036 POLL pid=140655 state=DEAD
1788273464.337547642 POLL pid=140655 state=DEAD
1788273464.839681376 POLL pid=140655 state=DEAD
1788273465.341741474 POLL pid=140655 state=DEAD
1788273465.844777297 POLL pid=140655 state=DEAD
1788273466.347377593 POLL pid=140655 state=DEAD
1788273466.850232094 POLL pid=140655 state=DEAD
1788273467.353811395 POLL pid=140655 state=DEAD
1788273467.856741333 POLL pid=140655 state=DEAD
1788273468.359300318 POLL pid=140655 state=DEAD
1788273468.862506439 POLL pid=140655 state=DEAD
1788273469.365238740 POLL pid=140655 state=DEAD
1788273469.868336754 POLL pid=140655 state=DEAD
1788273470.370977637 POLL pid=140655 state=DEAD
1788273470.874142798 POLL pid=140655 state=DEAD
1788273471.046541712 POSTCHECK +30s pid=140655 state=DEAD
1788273471.377227321 POLL pid=140655 state=DEAD
1788273471.880115770 POLL pid=140655 state=DEAD
1788273472.383658655 POLL pid=140655 state=DEAD
1788273472.887176891 POLL pid=140655 state=DEAD
1788273473.389442079 POLL pid=140655 state=DEAD
1788273473.891751240 POLL pid=140655 state=DEAD
1788273474.394107895 POLL pid=140655 state=DEAD
1788273474.896633982 POLL pid=140655 state=DEAD
1788273475.400171486 POLL pid=140655 state=DEAD
1788273475.902470006 POLL pid=140655 state=DEAD
1788273476.405161800 POLL pid=140655 state=DEAD
1788273476.907479138 POLL pid=140655 state=DEAD
1788273477.410315761 POLL pid=140655 state=DEAD
1788273477.913064669 POLL pid=140655 state=DEAD
1788273478.416407619 POLL pid=140655 state=DEAD
1788273478.919355637 POLL pid=140655 state=DEAD
1788273479.421708104 POLL pid=140655 state=DEAD
1788273479.924164566 POLL pid=140655 state=DEAD
1788273480.426320465 POLL pid=140655 state=DEAD
1788273480.929125001 POLL pid=140655 state=DEAD
1788273481.432268151 POLL pid=140655 state=DEAD
1788273481.934670218 POLL pid=140655 state=DEAD
1788273482.437542580 POLL pid=140655 state=DEAD
1788273482.939841003 POLL pid=140655 state=DEAD
1788273483.442273954 POLL pid=140655 state=DEAD
1788273483.945150731 POLL pid=140655 state=DEAD
1788273484.447524493 POLL pid=140655 state=DEAD
1788273484.949702347 POLL pid=140655 state=DEAD
1788273485.452112164 POLL pid=140655 state=DEAD
1788273485.954429219 POLL pid=140655 state=DEAD
1788273486.050609195 POSTCHECK +45s pid=140655 state=DEAD
1788273486.456688152 POLL pid=140655 state=DEAD
1788273486.959443688 POLL pid=140655 state=DEAD
1788273487.462062398 POLL pid=140655 state=DEAD
1788273487.964996048 POLL pid=140655 state=DEAD
1788273488.467303008 POLL pid=140655 state=DEAD
1788273488.970377834 POLL pid=140655 state=DEAD
1788273489.472840986 POLL pid=140655 state=DEAD
1788273489.975510186 POLL pid=140655 state=DEAD
1788273490.478977585 POLL pid=140655 state=DEAD
1788273490.982548816 POLL pid=140655 state=DEAD
1788273491.485762449 POLL pid=140655 state=DEAD
1788273491.988074268 POLL pid=140655 state=DEAD
1788273492.490203349 POLL pid=140655 state=DEAD
1788273492.992375092 POLL pid=140655 state=DEAD
1788273493.495718843 POLL pid=140655 state=DEAD
1788273493.999120033 POLL pid=140655 state=DEAD
1788273494.502247841 POLL pid=140655 state=DEAD
1788273495.005910014 POLL pid=140655 state=DEAD
1788273495.509471527 POLL pid=140655 state=DEAD
1788273496.012333058 POLL pid=140655 state=DEAD
1788273496.515150468 POLL pid=140655 state=DEAD
1788273497.018778932 POLL pid=140655 state=DEAD
1788273497.520849795 POLL pid=140655 state=DEAD
1788273498.023227065 POLL pid=140655 state=DEAD
1788273498.525453372 POLL pid=140655 state=DEAD
1788273499.027803507 POLL pid=140655 state=DEAD
1788273499.530440016 POLL pid=140655 state=DEAD
1788273500.033159124 POLL pid=140655 state=DEAD
1788273500.535559240 POLL pid=140655 state=DEAD
1788273501.038062719 POLL pid=140655 state=DEAD
1788273501.053877759 POSTCHECK +60s pid=140655 state=DEAD
1788273501.540953711 POLL pid=140655 state=DEAD
1788273502.044487201 POLL pid=140655 state=DEAD
1788273502.547036835 POLL pid=140655 state=DEAD
1788273503.049125440 POLL pid=140655 state=DEAD
1788273503.551296415 POLL pid=140655 state=DEAD
1788273504.054304995 POLL pid=140655 state=DEAD
1788273504.557248981 POLL pid=140655 state=DEAD
1788273505.059570111 POLL pid=140655 state=DEAD
1788273505.561843670 POLL pid=140655 state=DEAD
1788273506.063935602 POLL pid=140655 state=DEAD
1788273506.566126529 POLL pid=140655 state=DEAD
1788273507.069099431 POLL pid=140655 state=DEAD
1788273507.572148326 POLL pid=140655 state=DEAD
1788273508.074645915 POLL pid=140655 state=DEAD
1788273508.577048593 POLL pid=140655 state=DEAD
1788273509.079342184 POLL pid=140655 state=DEAD
1788273509.581293089 POLL pid=140655 state=DEAD
1788273510.083954526 POLL pid=140655 state=DEAD
1788273510.586519693 POLL pid=140655 state=DEAD
1788273511.089018923 POLL pid=140655 state=DEAD
1788273511.591658460 POLL pid=140655 state=DEAD
1788273512.094488761 POLL pid=140655 state=DEAD
1788273512.596598644 POLL pid=140655 state=DEAD
1788273513.099301374 POLL pid=140655 state=DEAD
1788273513.601735112 POLL pid=140655 state=DEAD
1788273514.104168560 POLL pid=140655 state=DEAD
1788273514.607893437 POLL pid=140655 state=DEAD
1788273515.111133414 POLL pid=140655 state=DEAD
1788273515.613703188 POLL pid=140655 state=DEAD
1788273516.116296315 POLL pid=140655 state=DEAD
1788273516.619715743 POLL pid=140655 state=DEAD
1788273517.122460097 POLL pid=140655 state=DEAD
1788273517.625530651 POLL pid=140655 state=DEAD
1788273518.127743561 POLL pid=140655 state=DEAD
1788273518.630036211 POLL pid=140655 state=DEAD
1788273519.132065556 POLL pid=140655 state=DEAD
1788273519.635288470 POLL pid=140655 state=DEAD
1788273520.138484337 POLL pid=140655 state=DEAD
1788273520.640640263 POLL pid=140655 state=DEAD
1788273521.143026123 POLL pid=140655 state=DEAD
1788273521.645347761 POLL pid=140655 state=DEAD
1788273522.147738573 POLL pid=140655 state=DEAD
1788273522.650388200 POLL pid=140655 state=DEAD
1788273523.153207289 POLL pid=140655 state=DEAD
1788273523.655691653 POLL pid=140655 state=DEAD
1788273524.157967527 POLL pid=140655 state=DEAD
1788273524.659948774 POLL pid=140655 state=DEAD
1788273525.162443158 POLL pid=140655 state=DEAD
1788273525.665175007 POLL pid=140655 state=DEAD
1788273526.168444055 POLL pid=140655 state=DEAD
1788273526.670734179 POLL pid=140655 state=DEAD
1788273527.173181940 POLL pid=140655 state=DEAD
1788273527.675833092 POLL pid=140655 state=DEAD
1788273528.178181193 POLL pid=140655 state=DEAD
1788273528.680835768 POLL pid=140655 state=DEAD
1788273529.183502928 POLL pid=140655 state=DEAD
1788273529.686323386 POLL pid=140655 state=DEAD
1788273530.188571374 POLL pid=140655 state=DEAD
1788273530.690910310 POLL pid=140655 state=DEAD
1788273531.058303029 POSTCHECK +90s pid=140655 state=DEAD
1788273531.193716527 POLL pid=140655 state=DEAD
1788273531.696345998 POLL pid=140655 state=DEAD
1788273532.199102692 POLL pid=140655 state=DEAD
1788273532.701828748 POLL pid=140655 state=DEAD
1788273533.204224635 POLL pid=140655 state=DEAD
1788273533.707006067 POLL pid=140655 state=DEAD
1788273534.209730691 POLL pid=140655 state=DEAD
1788273534.712730779 POLL pid=140655 state=DEAD
1788273535.215237377 POLL pid=140655 state=DEAD
1788273535.717784062 POLL pid=140655 state=DEAD
1788273536.220585852 POLL pid=140655 state=DEAD
1788273536.723587328 POLL pid=140655 state=DEAD
1788273537.226128151 POLL pid=140655 state=DEAD
1788273537.728452127 POLL pid=140655 state=DEAD
1788273538.230563824 POLL pid=140655 state=DEAD
1788273538.733137787 POLL pid=140655 state=DEAD
1788273539.235948295 POLL pid=140655 state=DEAD
1788273539.739345197 POLL pid=140655 state=DEAD
1788273540.241949337 POLL pid=140655 state=DEAD
1788273540.744323307 POLL pid=140655 state=DEAD
1788273541.246362227 POLL pid=140655 state=DEAD
1788273541.748391373 POLL pid=140655 state=DEAD
1788273542.250683243 POLL pid=140655 state=DEAD
1788273542.753220092 POLL pid=140655 state=DEAD
1788273543.255846322 POLL pid=140655 state=DEAD
1788273543.757945966 POLL pid=140655 state=DEAD
1788273544.259934061 POLL pid=140655 state=DEAD
1788273544.762020877 POLL pid=140655 state=DEAD
1788273545.264673695 POLL pid=140655 state=DEAD
1788273545.767756548 POLL pid=140655 state=DEAD
1788273546.270121835 POLL pid=140655 state=DEAD
1788273546.772683986 POLL pid=140655 state=DEAD
1788273547.274871718 POLL pid=140655 state=DEAD
1788273547.777333038 POLL pid=140655 state=DEAD
1788273548.280029980 POLL pid=140655 state=DEAD
1788273548.782279076 POLL pid=140655 state=DEAD
1788273549.285452283 POLL pid=140655 state=DEAD
1788273549.787995688 POLL pid=140655 state=DEAD
1788273550.290175925 POLL pid=140655 state=DEAD
1788273550.792552216 POLL pid=140655 state=DEAD
1788273551.294596105 POLL pid=140655 state=DEAD
1788273551.797018378 POLL pid=140655 state=DEAD
1788273552.300511176 POLL pid=140655 state=DEAD
1788273552.804438414 POLL pid=140655 state=DEAD
1788273553.306780006 POLL pid=140655 state=DEAD
1788273553.808880714 POLL pid=140655 state=DEAD
1788273554.310976752 POLL pid=140655 state=DEAD
1788273554.813174754 POLL pid=140655 state=DEAD
1788273555.315883008 POLL pid=140655 state=DEAD
1788273555.818504797 POLL pid=140655 state=DEAD
1788273556.320737153 POLL pid=140655 state=DEAD
1788273556.822870282 POLL pid=140655 state=DEAD
1788273557.325531365 POLL pid=140655 state=DEAD
1788273557.827944721 POLL pid=140655 state=DEAD
1788273558.330684977 POLL pid=140655 state=DEAD
1788273558.833777935 POLL pid=140655 state=DEAD
1788273559.336407450 POLL pid=140655 state=DEAD
1788273559.838788530 POLL pid=140655 state=DEAD
1788273560.341381449 POLL pid=140655 state=DEAD
1788273560.843862749 POLL pid=140655 state=DEAD
1788273561.062344818 POSTCHECK +120s pid=140655 state=DEAD
1788273561.346191880 POLL pid=140655 state=DEAD
1788273561.848942444 POLL pid=140655 state=DEAD
1788273562.351828315 POLL pid=140655 state=DEAD
1788273562.854719959 POLL pid=140655 state=DEAD
1788273563.357216498 POLL pid=140655 state=DEAD
1788273563.859398831 POLL pid=140655 state=DEAD
1788273564.361536930 POLL pid=140655 state=DEAD
1788273564.864306104 POLL pid=140655 state=DEAD
1788273565.366956078 POLL pid=140655 state=DEAD
1788273565.869227945 POLL pid=140655 state=DEAD
1788273566.371308491 POLL pid=140655 state=DEAD
1788273566.873627976 POLL pid=140655 state=DEAD
1788273567.375671137 POLL pid=140655 state=DEAD
1788273567.878038440 POLL pid=140655 state=DEAD
1788273568.380499260 POLL pid=140655 state=DEAD
1788273568.883314612 POLL pid=140655 state=DEAD
1788273569.385477404 POLL pid=140655 state=DEAD
1788273569.888025089 POLL pid=140655 state=DEAD
1788273570.390425465 POLL pid=140655 state=DEAD
1788273570.892656195 POLL pid=140655 state=DEAD
1788273571.395354581 POLL pid=140655 state=DEAD
1788273571.897591045 POLL pid=140655 state=DEAD
1788273572.400244666 POLL pid=140655 state=DEAD
1788273572.903110954 POLL pid=140655 state=DEAD
1788273573.405287848 POLL pid=140655 state=DEAD
1788273573.908329471 POLL pid=140655 state=DEAD
1788273574.411508830 POLL pid=140655 state=DEAD
1788273574.914687892 POLL pid=140655 state=DEAD
1788273575.417830849 POLL pid=140655 state=DEAD
1788273575.920282505 POLL pid=140655 state=DEAD
1788273576.422448253 POLL pid=140655 state=DEAD
1788273576.924935504 POLL pid=140655 state=DEAD
1788273577.427364700 POLL pid=140655 state=DEAD
1788273577.930340180 POLL pid=140655 state=DEAD
1788273578.433112051 POLL pid=140655 state=DEAD
1788273578.935266507 POLL pid=140655 state=DEAD
1788273579.437792104 POLL pid=140655 state=DEAD
1788273579.940029725 POLL pid=140655 state=DEAD
1788273580.442046642 POLL pid=140655 state=DEAD
1788273580.944562629 POLL pid=140655 state=DEAD
1788273581.447088415 POLL pid=140655 state=DEAD
1788273581.949859819 POLL pid=140655 state=DEAD
1788273582.452365608 POLL pid=140655 state=DEAD
1788273582.955126748 POLL pid=140655 state=DEAD
1788273583.457589549 POLL pid=140655 state=DEAD
1788273583.960663004 POLL pid=140655 state=DEAD
1788273584.464361891 POLL pid=140655 state=DEAD
1788273584.967038031 POLL pid=140655 state=DEAD
1788273585.470373455 POLL pid=140655 state=DEAD
1788273585.974306350 POLL pid=140655 state=DEAD
1788273586.477201204 POLL pid=140655 state=DEAD
1788273586.980567390 POLL pid=140655 state=DEAD
1788273587.483691442 POLL pid=140655 state=DEAD
1788273587.987244358 POLL pid=140655 state=DEAD
1788273588.490199639 POLL pid=140655 state=DEAD
1788273588.992631675 POLL pid=140655 state=DEAD
1788273589.495722951 POLL pid=140655 state=DEAD
1788273589.998892856 POLL pid=140655 state=DEAD
1788273590.501679261 POLL pid=140655 state=DEAD
1788273591.004023790 POLL pid=140655 state=DEAD
1788273591.066968445 POSTCHECK +150s pid=140655 state=DEAD
1788273591.506477201 POLL pid=140655 state=DEAD
1788273592.008927935 POLL pid=140655 state=DEAD
1788273592.511454301 POLL pid=140655 state=DEAD
1788273593.014387364 POLL pid=140655 state=DEAD
1788273593.516893164 POLL pid=140655 state=DEAD
1788273594.018986745 POLL pid=140655 state=DEAD
1788273594.521632983 POLL pid=140655 state=DEAD
1788273595.023969724 POLL pid=140655 state=DEAD
1788273595.527101879 POLL pid=140655 state=DEAD
1788273596.029861072 POLL pid=140655 state=DEAD
1788273596.532175200 POLL pid=140655 state=DEAD
1788273597.035176990 POLL pid=140655 state=DEAD
1788273597.537827612 POLL pid=140655 state=DEAD
1788273598.040900020 POLL pid=140655 state=DEAD
1788273598.544248269 POLL pid=140655 state=DEAD
1788273599.047288535 POLL pid=140655 state=DEAD
1788273599.549876464 POLL pid=140655 state=DEAD
1788273600.052257597 POLL pid=140655 state=DEAD
1788273600.555348840 POLL pid=140655 state=DEAD
1788273601.057558885 POLL pid=140655 state=DEAD
1788273601.560366330 POLL pid=140655 state=DEAD
1788273602.062705697 POLL pid=140655 state=DEAD
1788273602.565066467 POLL pid=140655 state=DEAD
1788273603.067373799 POLL pid=140655 state=DEAD
1788273603.569933472 POLL pid=140655 state=DEAD
1788273604.073987766 POLL pid=140655 state=DEAD
1788273604.576720523 POLL pid=140655 state=DEAD
1788273605.079600803 POLL pid=140655 state=DEAD
1788273605.583098104 POLL pid=140655 state=DEAD
1788273606.085292221 POLL pid=140655 state=DEAD
1788273606.587543684 POLL pid=140655 state=DEAD
1788273607.089881033 POLL pid=140655 state=DEAD
1788273607.592814055 POLL pid=140655 state=DEAD
1788273608.095091591 POLL pid=140655 state=DEAD
1788273608.598030925 POLL pid=140655 state=DEAD
1788273609.100423355 POLL pid=140655 state=DEAD
1788273609.602857721 POLL pid=140655 state=DEAD
1788273610.105699098 POLL pid=140655 state=DEAD
1788273610.608287412 POLL pid=140655 state=DEAD
1788273611.110745000 POLL pid=140655 state=DEAD
1788273611.613242636 POLL pid=140655 state=DEAD
1788273612.115619968 POLL pid=140655 state=DEAD
1788273612.618083714 POLL pid=140655 state=DEAD
1788273613.121070496 POLL pid=140655 state=DEAD
1788273613.623194899 POLL pid=140655 state=DEAD
1788273614.126053153 POLL pid=140655 state=DEAD
1788273614.628318457 POLL pid=140655 state=DEAD
1788273615.130762142 POLL pid=140655 state=DEAD
1788273615.632985270 POLL pid=140655 state=DEAD
1788273616.135164388 POLL pid=140655 state=DEAD
1788273616.637098877 POLL pid=140655 state=DEAD
1788273617.139496173 POLL pid=140655 state=DEAD
1788273617.642214465 POLL pid=140655 state=DEAD
1788273618.144831110 POLL pid=140655 state=DEAD
1788273618.647871561 POLL pid=140655 state=DEAD
1788273619.150950270 POLL pid=140655 state=DEAD
1788273619.654053858 POLL pid=140655 state=DEAD
1788273620.156418650 POLL pid=140655 state=DEAD
1788273620.659185789 POLL pid=140655 state=DEAD
1788273621.071000207 POSTCHECK +180s pid=140655 state=DEAD
