1788271750.553381414 NODE_SCRIPT_START
1788271753.218291243 WATCH_START pid=134083
1788271753.220042265 POLL pid=134083 state=ALIVE
1788271753.422968127 POLL pid=134083 state=ALIVE
1788271753.627732196 POLL pid=134083 state=ALIVE
1788271753.832023528 POLL pid=134083 state=ALIVE
1788271754.036393748 POLL pid=134083 state=ALIVE
1788271754.243811395 POLL pid=134083 state=ALIVE
1788271754.454064006 POLL pid=134083 state=ALIVE
1788271754.659102184 POLL pid=134083 state=ALIVE
1788271754.861940486 POLL pid=134083 state=ALIVE
1788271755.065331927 POLL pid=134083 state=ALIVE
1788271755.270782664 POLL pid=134083 state=ALIVE
1788271755.479871276 POLL pid=134083 state=ALIVE
1788271755.682882598 POLL pid=134083 state=ALIVE
1788271755.891014929 POLL pid=134083 state=ALIVE
1788271756.095182881 POLL pid=134083 state=ALIVE
1788271756.299544501 POLL pid=134083 state=ALIVE
1788271756.503820585 POLL pid=134083 state=ALIVE
1788271756.708579566 POLL pid=134083 state=ALIVE
1788271756.912023569 POLL pid=134083 state=ALIVE
1788271757.116784695 POLL pid=134083 state=ALIVE
1788271757.321766830 POLL pid=134083 state=ALIVE
1788271757.525243188 POLL pid=134083 state=ALIVE
1788271757.728075949 POLL pid=134083 state=ALIVE
1788271757.930660829 POLL pid=134083 state=ALIVE
1788271758.133297383 POLL pid=134083 state=ALIVE
1788271758.335903558 POLL pid=134083 state=ALIVE
1788271758.540897987 POLL pid=134083 state=ALIVE
1788271758.750501360 POLL pid=134083 state=ALIVE
1788271758.953883332 POLL pid=134083 state=ALIVE
1788271759.158720907 POLL pid=134083 state=ALIVE
1788271759.363501951 POLL pid=134083 state=ALIVE
1788271759.567033273 POLL pid=134083 state=ALIVE
1788271759.771896361 POLL pid=134083 state=DEAD
1788271759.773820371 DEATH_DETECTED pid=134083
1788271759.978255950 POLL pid=134083 state=DEAD
1788271760.181593610 POLL pid=134083 state=DEAD
1788271760.211960561 NODE_SCRIPT_EXIT code=1
1788271760.388500113 POLL pid=134083 state=DEAD
1788271760.595357648 POLL pid=134083 state=DEAD
1788271760.799981289 POLL pid=134083 state=DEAD
1788271761.002856232 POLL pid=134083 state=DEAD
1788271761.211821886 POLL pid=134083 state=DEAD
1788271761.423018352 POLL pid=134083 state=DEAD
1788271761.626364803 POLL pid=134083 state=DEAD
1788271761.832689877 POLL pid=134083 state=DEAD
1788271762.037576279 POLL pid=134083 state=DEAD
1788271762.249146684 POLL pid=134083 state=DEAD
1788271762.454543493 POLL pid=134083 state=DEAD
1788271762.659479643 POLL pid=134083 state=DEAD
1788271762.863654984 POLL pid=134083 state=DEAD
1788271763.068221183 POLL pid=134083 state=DEAD
1788271763.274516474 POLL pid=134083 state=DEAD
1788271763.485303672 POLL pid=134083 state=DEAD
1788271763.688968704 POLL pid=134083 state=DEAD
1788271763.893039827 POLL pid=134083 state=DEAD
1788271764.097018809 POLL pid=134083 state=DEAD
1788271764.299806937 POLL pid=134083 state=DEAD
1788271764.513690208 POLL pid=134083 state=DEAD
1788271764.720652764 POLL pid=134083 state=DEAD
1788271764.924032915 POLL pid=134083 state=DEAD
1788271765.129483545 POLL pid=134083 state=DEAD
1788271765.215850387 POSTCHECK +5s pid=134083 state=DEAD
1788271765.335908884 POLL pid=134083 state=DEAD
1788271765.544346662 POLL pid=134083 state=DEAD
1788271765.752280720 POLL pid=134083 state=DEAD
1788271765.957086511 POLL pid=134083 state=DEAD
1788271766.161025032 POLL pid=134083 state=DEAD
1788271766.370149879 POLL pid=134083 state=DEAD
1788271766.574362839 POLL pid=134083 state=DEAD
1788271766.784893892 POLL pid=134083 state=DEAD
1788271766.988977749 POLL pid=134083 state=DEAD
1788271767.196885726 POLL pid=134083 state=DEAD
1788271767.404929451 POLL pid=134083 state=DEAD
1788271767.609708834 POLL pid=134083 state=DEAD
1788271767.822873163 POLL pid=134083 state=DEAD
1788271768.027773219 POLL pid=134083 state=DEAD
1788271768.230886487 POLL pid=134083 state=DEAD
1788271768.436464604 POLL pid=134083 state=DEAD
1788271768.643503054 POLL pid=134083 state=DEAD
1788271768.848123933 POLL pid=134083 state=DEAD
1788271769.056355754 POLL pid=134083 state=DEAD
1788271769.264503250 POLL pid=134083 state=DEAD
1788271769.472812622 POLL pid=134083 state=DEAD
1788271769.678199849 POLL pid=134083 state=DEAD
1788271769.891607974 POLL pid=134083 state=DEAD
1788271770.094739202 POLL pid=134083 state=DEAD
1788271770.221432259 POSTCHECK +10s pid=134083 state=DEAD
1788271770.297588347 POLL pid=134083 state=DEAD
1788271770.505612292 POLL pid=134083 state=DEAD
1788271770.709020362 POLL pid=134083 state=DEAD
1788271770.912125239 POLL pid=134083 state=DEAD
1788271771.115762251 POLL pid=134083 state=DEAD
1788271771.319143796 POLL pid=134083 state=DEAD
1788271771.524878839 POLL pid=134083 state=DEAD
1788271771.729495895 POLL pid=134083 state=DEAD
1788271771.931937358 POLL pid=134083 state=DEAD
1788271772.137914123 POLL pid=134083 state=DEAD
1788271772.341015452 POLL pid=134083 state=DEAD
1788271772.549128351 POLL pid=134083 state=DEAD
1788271772.761878825 POLL pid=134083 state=DEAD
1788271772.970286214 POLL pid=134083 state=DEAD
1788271773.178899526 POLL pid=134083 state=DEAD
1788271773.386689600 POLL pid=134083 state=DEAD
1788271773.591937172 POLL pid=134083 state=DEAD
1788271773.802334529 POLL pid=134083 state=DEAD
1788271774.009994710 POLL pid=134083 state=DEAD
1788271774.218057020 POLL pid=134083 state=DEAD
1788271774.421407033 POLL pid=134083 state=DEAD
1788271774.626612331 POLL pid=134083 state=DEAD
1788271774.830804365 POLL pid=134083 state=DEAD
1788271775.034928799 POLL pid=134083 state=DEAD
1788271775.227560921 POSTCHECK +15s pid=134083 state=DEAD
1788271775.239643024 POLL pid=134083 state=DEAD
1788271775.443094715 POLL pid=134083 state=DEAD
1788271775.647050243 POLL pid=134083 state=DEAD
1788271775.850869296 POLL pid=134083 state=DEAD
1788271776.058993389 POLL pid=134083 state=DEAD
1788271776.265715721 POLL pid=134083 state=DEAD
1788271776.471392624 POLL pid=134083 state=DEAD
1788271776.677360666 POLL pid=134083 state=DEAD
1788271776.883867757 POLL pid=134083 state=DEAD
1788271777.090367256 POLL pid=134083 state=DEAD
1788271777.294162160 POLL pid=134083 state=DEAD
1788271777.500576400 POLL pid=134083 state=DEAD
1788271777.703700774 POLL pid=134083 state=DEAD
1788271777.906741631 POLL pid=134083 state=DEAD
1788271778.126679028 POLL pid=134083 state=DEAD
1788271778.335687860 POLL pid=134083 state=DEAD
1788271778.543862695 POLL pid=134083 state=DEAD
1788271778.749415378 POLL pid=134083 state=DEAD
1788271778.952522895 POLL pid=134083 state=DEAD
1788271779.156394173 POLL pid=134083 state=DEAD
1788271779.372842200 POLL pid=134083 state=DEAD
1788271779.578946584 POLL pid=134083 state=DEAD
1788271779.787178215 POLL pid=134083 state=DEAD
1788271779.993659850 POLL pid=134083 state=DEAD
1788271780.202218735 POLL pid=134083 state=DEAD
1788271780.233108706 POSTCHECK +20s pid=134083 state=DEAD
1788271780.405126151 POLL pid=134083 state=DEAD
1788271780.610478171 POLL pid=134083 state=DEAD
1788271780.819336936 POLL pid=134083 state=DEAD
1788271781.024213180 POLL pid=134083 state=DEAD
1788271781.229311374 POLL pid=134083 state=DEAD
1788271781.432569886 POLL pid=134083 state=DEAD
1788271781.642124762 POLL pid=134083 state=DEAD
1788271781.847289742 POLL pid=134083 state=DEAD
1788271782.055717219 POLL pid=134083 state=DEAD
1788271782.260228796 POLL pid=134083 state=DEAD
1788271782.463925243 POLL pid=134083 state=DEAD
1788271782.667876378 POLL pid=134083 state=DEAD
1788271782.870885981 POLL pid=134083 state=DEAD
1788271783.074241679 POLL pid=134083 state=DEAD
1788271783.283131068 POLL pid=134083 state=DEAD
1788271783.498508247 POLL pid=134083 state=DEAD
1788271783.700911337 POLL pid=134083 state=DEAD
1788271783.904263600 POLL pid=134083 state=DEAD
1788271784.108312230 POLL pid=134083 state=DEAD
1788271784.314944953 POLL pid=134083 state=DEAD
1788271784.520640176 POLL pid=134083 state=DEAD
1788271784.723470510 POLL pid=134083 state=DEAD
1788271784.927211460 POLL pid=134083 state=DEAD
1788271785.130502731 POLL pid=134083 state=DEAD
1788271785.238665536 POSTCHECK +25s pid=134083 state=DEAD
1788271785.343971087 POLL pid=134083 state=DEAD
1788271785.552145017 POLL pid=134083 state=DEAD
1788271785.755380305 POLL pid=134083 state=DEAD
1788271785.958799115 POLL pid=134083 state=DEAD
1788271786.161988339 POLL pid=134083 state=DEAD
1788271786.365192742 POLL pid=134083 state=DEAD
1788271786.570526649 POLL pid=134083 state=DEAD
1788271786.773401883 POLL pid=134083 state=DEAD
1788271786.978909553 POLL pid=134083 state=DEAD
1788271787.184634238 POLL pid=134083 state=DEAD
1788271787.390426607 POLL pid=134083 state=DEAD
1788271787.594984350 POLL pid=134083 state=DEAD
1788271787.799746822 POLL pid=134083 state=DEAD
1788271788.002485293 POLL pid=134083 state=DEAD
1788271788.210316289 POLL pid=134083 state=DEAD
1788271788.413809853 POLL pid=134083 state=DEAD
1788271788.617858237 POLL pid=134083 state=DEAD
1788271788.826017659 POLL pid=134083 state=DEAD
1788271789.030757718 POLL pid=134083 state=DEAD
1788271789.235514700 POLL pid=134083 state=DEAD
1788271789.443180905 POLL pid=134083 state=DEAD
1788271789.651294854 POLL pid=134083 state=DEAD
1788271789.854871856 POLL pid=134083 state=DEAD
1788271790.062891943 POLL pid=134083 state=DEAD
1788271790.243955165 POSTCHECK +30s pid=134083 state=DEAD
