1788274668.348411579 server=150357 node=150264 cli=150228
1788274670.354386089 KILLING_NODE pid=150264
1788274670.377359122 POLL cli=alive server=alive elapsed=0.00s
1788274671.423420066 POLL cli=alive server=alive elapsed=1.04s
1788274672.461878231 POLL cli=alive server=alive elapsed=2.09s
1788274673.503339678 POLL cli=alive server=alive elapsed=3.12s
1788274674.539368155 POLL cli=alive server=alive elapsed=4.17s
1788274675.571802887 POLL cli=alive server=alive elapsed=5.20s
1788274676.609231035 POLL cli=alive server=alive elapsed=6.24s
1788274677.654553281 POLL cli=alive server=alive elapsed=7.27s
1788274678.691867559 POLL cli=alive server=alive elapsed=8.32s
1788274679.725198645 POLL cli=alive server=alive elapsed=9.35s
1788274680.770946102 POLL cli=alive server=alive elapsed=10.39s
1788274681.816131094 POLL cli=alive server=alive elapsed=11.44s
1788274682.858156824 POLL cli=alive server=alive elapsed=12.48s
1788274683.897707185 POLL cli=alive server=alive elapsed=13.53s
1788274684.932022486 POLL cli=alive server=alive elapsed=14.56s
1788274685.968344517 POLL cli=alive server=alive elapsed=15.59s
1788274687.004893191 POLL cli=alive server=alive elapsed=16.63s
1788274688.038534220 POLL cli=alive server=alive elapsed=17.67s
1788274689.067931675 POLL cli=alive server=alive elapsed=18.70s
1788274690.103165246 POLL cli=alive server=alive elapsed=19.73s
1788274691.140863746 POLL cli=alive server=alive elapsed=20.77s
1788274692.171958189 POLL cli=alive server=alive elapsed=21.80s
1788274693.204846599 POLL cli=alive server=alive elapsed=22.83s
1788274694.239740521 POLL cli=alive server=alive elapsed=23.87s
1788274695.271179803 POLL cli=alive server=alive elapsed=24.90s
1788274696.307533455 POLL cli=alive server=alive elapsed=25.94s
1788274697.337095120 POLL cli=alive server=alive elapsed=26.97s
1788274698.387386620 POLL cli=alive server=alive elapsed=28.01s
1788274699.418170316 POLL cli=alive server=alive elapsed=29.05s
1788274700.450432580 POLL cli=alive server=alive elapsed=30.08s
1788274701.487045357 POLL cli=alive server=alive elapsed=31.11s
1788274702.526172920 POLL cli=alive server=alive elapsed=32.15s
1788274703.575313773 POLL cli=alive server=alive elapsed=33.19s
1788274704.629281070 POLL cli=alive server=alive elapsed=34.25s
1788274705.663315849 POLL cli=alive server=alive elapsed=35.29s
1788274706.695370253 POLL cli=alive server=alive elapsed=36.32s
1788274707.731137290 POLL cli=alive server=alive elapsed=37.36s
1788274708.766397701 POLL cli=alive server=alive elapsed=38.40s
1788274709.808936185 POLL cli=alive server=alive elapsed=39.44s
1788274710.841689971 POLL cli=alive server=alive elapsed=40.47s
1788274711.873913001 POLL cli=alive server=alive elapsed=41.50s
1788274712.910107406 POLL cli=alive server=alive elapsed=42.54s
1788274713.947126801 POLL cli=alive server=alive elapsed=43.58s
1788274714.979496458 POLL cli=alive server=alive elapsed=44.61s
1788274716.013503665 POLL cli=alive server=alive elapsed=45.64s
1788274717.043774804 POLL cli=alive server=alive elapsed=46.67s
1788274718.074872798 POLL cli=alive server=alive elapsed=47.70s
1788274719.107872350 POLL cli=alive server=alive elapsed=48.74s
1788274720.138060628 POLL cli=alive server=alive elapsed=49.77s
1788274721.174736896 POLL cli=alive server=alive elapsed=50.80s
1788274722.213455493 POLL cli=alive server=dead elapsed=51.84s
1788274723.254315831 POLL cli=alive server=dead elapsed=52.88s
1788274724.293609116 POLL cli=alive server=dead elapsed=53.92s
1788274725.328938207 POLL cli=alive server=dead elapsed=54.96s
1788274726.366413285 POLL cli=alive server=dead elapsed=55.99s
1788274727.400173614 POLL cli=alive server=dead elapsed=57.03s
1788274728.431761823 POLL cli=alive server=dead elapsed=58.06s
1788274729.463099718 POLL cli=alive server=dead elapsed=59.09s
1788274730.494654149 POLL cli=alive server=dead elapsed=60.12s
FINAL cli=was_dead server=was_dead
