1788273726.213190067 NODE_SCRIPT_START
1788273728.654029502 WATCH_START pid=142788
1788273728.655004280 POLL pid=142788 state=ALIVE
1788273729.157313387 POLL pid=142788 state=ALIVE
1788273729.659645449 POLL pid=142788 state=ALIVE
1788273730.162319847 POLL pid=142788 state=ALIVE
1788273730.664535434 POLL pid=142788 state=ALIVE
1788273731.167032762 POLL pid=142788 state=ALIVE
1788273731.669367969 POLL pid=142788 state=ALIVE
1788273732.171862728 POLL pid=142788 state=ALIVE
1788273732.674390146 POLL pid=142788 state=ALIVE
1788273733.176492455 POLL pid=142788 state=ALIVE
1788273733.678873545 POLL pid=142788 state=ALIVE
1788273734.181622105 POLL pid=142788 state=ALIVE
1788273734.684252468 POLL pid=142788 state=ALIVE
1788273735.187503791 POLL pid=142788 state=ALIVE
1788273735.690042228 POLL pid=142788 state=ALIVE
1788273736.192600078 POLL pid=142788 state=ALIVE
1788273736.695915161 POLL pid=142788 state=ALIVE
1788273737.198505264 POLL pid=142788 state=ALIVE
1788273737.700984390 POLL pid=142788 state=ALIVE
1788273738.203629843 POLL pid=142788 state=ALIVE
1788273738.706120468 POLL pid=142788 state=ALIVE
1788273738.782755500 NODE_SCRIPT_EXIT code=0
1788273739.208512295 POLL pid=142788 state=ALIVE
1788273739.711713952 POLL pid=142788 state=DEAD
1788273739.712829120 DEATH_DETECTED pid=142788
1788273740.215335883 POLL pid=142788 state=DEAD
1788273740.717583428 POLL pid=142788 state=DEAD
1788273741.219942659 POLL pid=142788 state=DEAD
1788273741.722964682 POLL pid=142788 state=DEAD
1788273742.225891786 POLL pid=142788 state=DEAD
1788273742.729548170 POLL pid=142788 state=DEAD
1788273743.232349012 POLL pid=142788 state=DEAD
1788273743.735042969 POLL pid=142788 state=DEAD
1788273743.786715300 POSTCHECK +5s pid=142788 state=DEAD
1788273744.237538193 POLL pid=142788 state=DEAD
1788273744.740227518 POLL pid=142788 state=DEAD
1788273745.242891797 POLL pid=142788 state=DEAD
1788273745.746363062 POLL pid=142788 state=DEAD
1788273746.249543261 POLL pid=142788 state=DEAD
1788273746.752563657 POLL pid=142788 state=DEAD
1788273747.255129640 POLL pid=142788 state=DEAD
1788273747.757876213 POLL pid=142788 state=DEAD
1788273748.260855880 POLL pid=142788 state=DEAD
1788273748.763620145 POLL pid=142788 state=DEAD
1788273748.789793210 POSTCHECK +10s pid=142788 state=DEAD
1788273749.265796068 POLL pid=142788 state=DEAD
1788273749.768035515 POLL pid=142788 state=DEAD
1788273750.270438974 POLL pid=142788 state=DEAD
1788273750.773452693 POLL pid=142788 state=DEAD
1788273751.276172365 POLL pid=142788 state=DEAD
1788273751.778824501 POLL pid=142788 state=DEAD
1788273752.281147983 POLL pid=142788 state=DEAD
1788273752.783836018 POLL pid=142788 state=DEAD
1788273753.286122206 POLL pid=142788 state=DEAD
1788273753.788563739 POLL pid=142788 state=DEAD
1788273754.291096278 POLL pid=142788 state=DEAD
1788273754.793558471 POLL pid=142788 state=DEAD
1788273755.296629757 POLL pid=142788 state=DEAD
1788273755.798715211 POLL pid=142788 state=DEAD
1788273756.300981522 POLL pid=142788 state=DEAD
1788273756.803454552 POLL pid=142788 state=DEAD
1788273757.306499125 POLL pid=142788 state=DEAD
1788273757.809044346 POLL pid=142788 state=DEAD
1788273758.311895188 POLL pid=142788 state=DEAD
1788273758.794017501 POSTCHECK +20s pid=142788 state=DEAD
1788273758.813921078 POLL pid=142788 state=DEAD
1788273759.315781731 POLL pid=142788 state=DEAD
1788273759.818429193 POLL pid=142788 state=DEAD
1788273760.321168680 POLL pid=142788 state=DEAD
1788273760.824112559 POLL pid=142788 state=DEAD
1788273761.326702823 POLL pid=142788 state=DEAD
1788273761.829153534 POLL pid=142788 state=DEAD
1788273762.331345334 POLL pid=142788 state=DEAD
1788273762.833888532 POLL pid=142788 state=DEAD
1788273763.336418565 POLL pid=142788 state=DEAD
1788273763.838622164 POLL pid=142788 state=DEAD
1788273764.340998067 POLL pid=142788 state=DEAD
1788273764.843024482 POLL pid=142788 state=DEAD
1788273765.345234588 POLL pid=142788 state=DEAD
1788273765.847487018 POLL pid=142788 state=DEAD
1788273766.349558249 POLL pid=142788 state=DEAD
1788273766.852319162 POLL pid=142788 state=DEAD
1788273767.355226756 POLL pid=142788 state=DEAD
1788273767.858270979 POLL pid=142788 state=DEAD
1788273768.360861846 POLL pid=142788 state=DEAD
1788273768.797996581 POSTCHECK +30s pid=142788 state=DEAD
1788273768.863682191 POLL pid=142788 state=DEAD
1788273769.366991383 POLL pid=142788 state=DEAD
1788273769.873192634 POLL pid=142788 state=DEAD
1788273770.376630795 POLL pid=142788 state=DEAD
1788273770.879379856 POLL pid=142788 state=DEAD
1788273771.382090170 POLL pid=142788 state=DEAD
1788273771.884571386 POLL pid=142788 state=DEAD
1788273772.387349804 POLL pid=142788 state=DEAD
1788273772.890185260 POLL pid=142788 state=DEAD
1788273773.394362558 POLL pid=142788 state=DEAD
1788273773.896851298 POLL pid=142788 state=DEAD
1788273774.399529276 POLL pid=142788 state=DEAD
1788273774.901867321 POLL pid=142788 state=DEAD
1788273775.405365444 POLL pid=142788 state=DEAD
1788273775.908041273 POLL pid=142788 state=DEAD
1788273776.410320296 POLL pid=142788 state=DEAD
1788273776.913042672 POLL pid=142788 state=DEAD
1788273777.415358727 POLL pid=142788 state=DEAD
1788273777.918028754 POLL pid=142788 state=DEAD
1788273778.421027679 POLL pid=142788 state=DEAD
1788273778.923434677 POLL pid=142788 state=DEAD
1788273779.425997657 POLL pid=142788 state=DEAD
1788273779.928754463 POLL pid=142788 state=DEAD
1788273780.430860804 POLL pid=142788 state=DEAD
1788273780.933215972 POLL pid=142788 state=DEAD
1788273781.435638439 POLL pid=142788 state=DEAD
1788273781.938355988 POLL pid=142788 state=DEAD
1788273782.441032810 POLL pid=142788 state=DEAD
1788273782.943203119 POLL pid=142788 state=DEAD
1788273783.445222087 POLL pid=142788 state=DEAD
1788273783.801489923 POSTCHECK +45s pid=142788 state=DEAD
1788273783.947738287 POLL pid=142788 state=DEAD
1788273784.450714635 POLL pid=142788 state=DEAD
1788273784.953063509 POLL pid=142788 state=DEAD
1788273785.455440725 POLL pid=142788 state=DEAD
1788273785.958277585 POLL pid=142788 state=DEAD
1788273786.460607625 POLL pid=142788 state=DEAD
1788273786.963535257 POLL pid=142788 state=DEAD
1788273787.465767035 POLL pid=142788 state=DEAD
1788273787.967831068 POLL pid=142788 state=DEAD
1788273788.470982652 POLL pid=142788 state=DEAD
1788273788.973603979 POLL pid=142788 state=DEAD
1788273789.476094823 POLL pid=142788 state=DEAD
1788273789.978321726 POLL pid=142788 state=DEAD
1788273790.481332483 POLL pid=142788 state=DEAD
1788273790.983760799 POLL pid=142788 state=DEAD
1788273791.487546888 POLL pid=142788 state=DEAD
1788273791.990742477 POLL pid=142788 state=DEAD
1788273792.492980065 POLL pid=142788 state=DEAD
1788273792.996534478 POLL pid=142788 state=DEAD
1788273793.498869231 POLL pid=142788 state=DEAD
1788273794.001157408 POLL pid=142788 state=DEAD
1788273794.503639559 POLL pid=142788 state=DEAD
1788273795.006688450 POLL pid=142788 state=DEAD
1788273795.509090204 POLL pid=142788 state=DEAD
1788273796.011095563 POLL pid=142788 state=DEAD
1788273796.513727806 POLL pid=142788 state=DEAD
1788273797.016413527 POLL pid=142788 state=DEAD
1788273797.518793760 POLL pid=142788 state=DEAD
1788273798.021101660 POLL pid=142788 state=DEAD
1788273798.523416884 POLL pid=142788 state=DEAD
1788273798.805022699 POSTCHECK +60s pid=142788 state=DEAD
1788273799.026067441 POLL pid=142788 state=DEAD
1788273799.528221541 POLL pid=142788 state=DEAD
1788273800.030162375 POLL pid=142788 state=DEAD
1788273800.532975114 POLL pid=142788 state=DEAD
1788273801.035250046 POLL pid=142788 state=DEAD
1788273801.537531549 POLL pid=142788 state=DEAD
1788273802.040465937 POLL pid=142788 state=DEAD
1788273802.543024103 POLL pid=142788 state=DEAD
1788273803.045414734 POLL pid=142788 state=DEAD
1788273803.547530022 POLL pid=142788 state=DEAD
1788273804.050533792 POLL pid=142788 state=DEAD
1788273804.553868274 POLL pid=142788 state=DEAD
1788273805.056735283 POLL pid=142788 state=DEAD
1788273805.560397149 POLL pid=142788 state=DEAD
1788273806.063232434 POLL pid=142788 state=DEAD
1788273806.565513009 POLL pid=142788 state=DEAD
1788273807.068959018 POLL pid=142788 state=DEAD
1788273807.571737232 POLL pid=142788 state=DEAD
1788273808.074357822 POLL pid=142788 state=DEAD
1788273808.576730498 POLL pid=142788 state=DEAD
1788273809.080173207 POLL pid=142788 state=DEAD
1788273809.583247836 POLL pid=142788 state=DEAD
1788273810.086047184 POLL pid=142788 state=DEAD
1788273810.588766161 POLL pid=142788 state=DEAD
1788273811.090979044 POLL pid=142788 state=DEAD
1788273811.593317539 POLL pid=142788 state=DEAD
1788273812.095366207 POLL pid=142788 state=DEAD
1788273812.598338889 POLL pid=142788 state=DEAD
1788273813.101084493 POLL pid=142788 state=DEAD
1788273813.603909918 POLL pid=142788 state=DEAD
1788273814.106992694 POLL pid=142788 state=DEAD
1788273814.610550889 POLL pid=142788 state=DEAD
1788273815.113863479 POLL pid=142788 state=DEAD
1788273815.616997764 POLL pid=142788 state=DEAD
1788273816.119923998 POLL pid=142788 state=DEAD
1788273816.622645664 POLL pid=142788 state=DEAD
1788273817.125749030 POLL pid=142788 state=DEAD
1788273817.628581943 POLL pid=142788 state=DEAD
1788273818.131862668 POLL pid=142788 state=DEAD
1788273818.635810261 POLL pid=142788 state=DEAD
1788273819.138548793 POLL pid=142788 state=DEAD
1788273819.640871358 POLL pid=142788 state=DEAD
1788273820.143137407 POLL pid=142788 state=DEAD
1788273820.645834387 POLL pid=142788 state=DEAD
1788273821.148566302 POLL pid=142788 state=DEAD
1788273821.651325505 POLL pid=142788 state=DEAD
1788273822.154688783 POLL pid=142788 state=DEAD
1788273822.656776145 POLL pid=142788 state=DEAD
1788273823.159658679 POLL pid=142788 state=DEAD
1788273823.662447035 POLL pid=142788 state=DEAD
1788273824.164927393 POLL pid=142788 state=DEAD
1788273824.668118344 POLL pid=142788 state=DEAD
1788273825.171830364 POLL pid=142788 state=DEAD
1788273825.674716625 POLL pid=142788 state=DEAD
1788273826.177891197 POLL pid=142788 state=DEAD
1788273826.682301808 POLL pid=142788 state=DEAD
1788273827.187145146 POLL pid=142788 state=DEAD
1788273827.689772540 POLL pid=142788 state=DEAD
1788273828.192446103 POLL pid=142788 state=DEAD
1788273828.695604038 POLL pid=142788 state=DEAD
1788273828.809342430 POSTCHECK +90s pid= state=DEAD
1788273829.198085613 POLL pid=142788 state=DEAD
1788273829.700824465 POLL pid=142788 state=DEAD
1788273830.203450137 POLL pid=142788 state=DEAD
1788273830.705797753 POLL pid=142788 state=DEAD
1788273831.207607527 POLL pid=142788 state=DEAD
1788273831.710226423 POLL pid=142788 state=DEAD
1788273832.213323989 POLL pid=142788 state=DEAD
1788273832.716283302 POLL pid=142788 state=DEAD
1788273833.219109773 POLL pid=142788 state=DEAD
1788273833.721151884 POLL pid=142788 state=DEAD
1788273834.223249164 POLL pid=142788 state=DEAD
1788273834.725474610 POLL pid=142788 state=DEAD
1788273835.227627289 POLL pid=142788 state=DEAD
1788273835.730364895 POLL pid=142788 state=DEAD
1788273836.233182118 POLL pid=142788 state=DEAD
1788273836.736666476 POLL pid=142788 state=DEAD
1788273837.239740783 POLL pid=142788 state=DEAD
1788273837.742243606 POLL pid=142788 state=DEAD
1788273838.245229856 POLL pid=142788 state=DEAD
1788273838.748459952 POLL pid=142788 state=DEAD
1788273839.251296323 POLL pid=142788 state=DEAD
1788273839.754929182 POLL pid=142788 state=DEAD
1788273840.258330247 POLL pid=142788 state=DEAD
1788273840.761277366 POLL pid=142788 state=DEAD
1788273841.263822465 POLL pid=142788 state=DEAD
1788273841.766424271 POLL pid=142788 state=DEAD
1788273842.269084031 POLL pid=142788 state=DEAD
1788273842.771454302 POLL pid=142788 state=DEAD
1788273843.274721048 POLL pid=142788 state=DEAD
1788273843.777324540 POLL pid=142788 state=DEAD
1788273844.280005017 POLL pid=142788 state=DEAD
1788273844.782249839 POLL pid=142788 state=DEAD
1788273845.284831467 POLL pid=142788 state=DEAD
1788273845.787352702 POLL pid=142788 state=DEAD
1788273846.289674851 POLL pid=142788 state=DEAD
1788273846.792401344 POLL pid=142788 state=DEAD
1788273847.294992667 POLL pid=142788 state=DEAD
1788273847.797812631 POLL pid=142788 state=DEAD
1788273848.301542993 POLL pid=142788 state=DEAD
1788273848.804104957 POLL pid=142788 state=DEAD
1788273849.307959823 POLL pid=142788 state=DEAD
1788273849.811417152 POLL pid=142788 state=DEAD
1788273850.314671749 POLL pid=142788 state=DEAD
1788273850.819804599 POLL pid=142788 state=DEAD
1788273851.323216536 POLL pid=142788 state=DEAD
1788273851.826477546 POLL pid=142788 state=DEAD
1788273852.330971109 POLL pid=142788 state=DEAD
1788273852.834013203 POLL pid=142788 state=DEAD
1788273853.337134539 POLL pid=142788 state=DEAD
1788273853.839814714 POLL pid=142788 state=DEAD
1788273854.342102422 POLL pid=142788 state=DEAD
1788273854.844356872 POLL pid=142788 state=DEAD
1788273855.347162547 POLL pid=142788 state=DEAD
1788273855.850343837 POLL pid=142788 state=DEAD
1788273856.353217757 POLL pid=142788 state=DEAD
1788273856.856542464 POLL pid=142788 state=DEAD
1788273857.359937872 POLL pid=142788 state=DEAD
1788273857.862994377 POLL pid=142788 state=DEAD
1788273858.366539967 POLL pid=142788 state=DEAD
1788273858.813149216 POSTCHECK +120s pid= state=DEAD
