1788274019.535660534 NODE_SCRIPT_START
1788274019.537125043 NODE_PID=144521
1788274022.163781981 SERVER_STARTED pid=144631
1788274025.191350123 CLI_PID_FOUND pid=144570
1788274025.192352702 PRECHECK server_alive=yes cli_alive=yes
1788274025.194618505 KILLING_CLI pid=144570
1788274025.196980147 CLI_KILL_SENT
1788274025.221078692 POLL server_pid=144631 state=ALIVE elapsed=0.0s
1788274026.256320022 POLL server_pid=144631 state=DEAD elapsed=1.0s
1788274026.257226004 SERVER_DEATH_DETECTED pid=144631 elapsed=1.0s
1788274027.282004959 POLL server_pid=144631 state=DEAD elapsed=2.1s
1788274028.308559998 POLL server_pid=144631 state=DEAD elapsed=3.1s
1788274029.336253996 POLL server_pid=144631 state=DEAD elapsed=4.1s
1788274030.364987363 POLL server_pid=144631 state=DEAD elapsed=5.2s
1788274031.390755007 POLL server_pid=144631 state=DEAD elapsed=6.2s
1788274032.418336511 POLL server_pid=144631 state=DEAD elapsed=7.2s
1788274033.443598929 POLL server_pid=144631 state=DEAD elapsed=8.2s
1788274034.468254584 POLL server_pid=144631 state=DEAD elapsed=9.3s
1788274035.493788565 POLL server_pid=144631 state=DEAD elapsed=10.3s
1788274036.521232529 POLL server_pid=144631 state=DEAD elapsed=11.3s
1788274037.550153924 POLL server_pid=144631 state=DEAD elapsed=12.3s
1788274038.587854387 POLL server_pid=144631 state=DEAD elapsed=13.4s
1788274039.613359892 POLL server_pid=144631 state=DEAD elapsed=14.4s
1788274040.639765519 POLL server_pid=144631 state=DEAD elapsed=15.4s
1788274041.667599514 POLL server_pid=144631 state=DEAD elapsed=16.5s
1788274042.694105522 POLL server_pid=144631 state=DEAD elapsed=17.5s
1788274043.727021415 POLL server_pid=144631 state=DEAD elapsed=18.5s
1788274044.752166829 POLL server_pid=144631 state=DEAD elapsed=19.5s
1788274045.778370325 POLL server_pid=144631 state=DEAD elapsed=20.6s
1788274046.803949599 POLL server_pid=144631 state=DEAD elapsed=21.6s
1788274047.830928859 POLL server_pid=144631 state=DEAD elapsed=22.6s
1788274048.858282727 POLL server_pid=144631 state=DEAD elapsed=23.6s
1788274049.885299044 POLL server_pid=144631 state=DEAD elapsed=24.7s
1788274050.914324630 POLL server_pid=144631 state=DEAD elapsed=25.7s
1788274051.943402028 POLL server_pid=144631 state=DEAD elapsed=26.7s
1788274052.968865833 POLL server_pid=144631 state=DEAD elapsed=27.8s
1788274053.994622789 POLL server_pid=144631 state=DEAD elapsed=28.8s
1788274055.023227444 POLL server_pid=144631 state=DEAD elapsed=29.8s
1788274056.049173234 POLL server_pid=144631 state=DEAD elapsed=30.8s
1788274056.062393006 FINAL_STATE_AT_30s pid=144631 state=DEAD
