1788271664.743630685 NODE_SCRIPT_START
1788271667.408122895 WATCH_START pid=133241
1788271667.409868460 POLL pid=133241 state=ALIVE
1788271667.612878605 POLL pid=133241 state=ALIVE
1788271667.818106743 POLL pid=133241 state=ALIVE
1788271668.021461726 POLL pid=133241 state=ALIVE
1788271668.227007235 POLL pid=133241 state=ALIVE
1788271668.431193551 POLL pid=133241 state=ALIVE
1788271668.636725839 POLL pid=133241 state=ALIVE
1788271668.839700381 POLL pid=133241 state=ALIVE
1788271669.054563696 POLL pid=133241 state=ALIVE
1788271669.260505279 POLL pid=133241 state=ALIVE
1788271669.464695407 POLL pid=133241 state=ALIVE
1788271669.669266768 POLL pid=133241 state=ALIVE
1788271669.874526666 POLL pid=133241 state=ALIVE
1788271670.078322966 POLL pid=133241 state=ALIVE
1788271670.287543200 POLL pid=133241 state=ALIVE
1788271670.490259170 POLL pid=133241 state=ALIVE
1788271670.696841364 POLL pid=133241 state=ALIVE
1788271670.904101379 POLL pid=133241 state=ALIVE
1788271671.110904227 POLL pid=133241 state=ALIVE
1788271671.314286566 POLL pid=133241 state=ALIVE
1788271671.517941840 POLL pid=133241 state=ALIVE
1788271671.721899869 POLL pid=133241 state=ALIVE
1788271671.925444006 POLL pid=133241 state=ALIVE
1788271672.130023858 POLL pid=133241 state=ALIVE
1788271672.333036216 POLL pid=133241 state=ALIVE
1788271672.535921683 POLL pid=133241 state=ALIVE
1788271672.740087506 POLL pid=133241 state=DEAD
1788271672.742323068 DEATH_DETECTED pid=133241
1788271672.949503738 POLL pid=133241 state=DEAD
1788271673.155050547 POLL pid=133241 state=DEAD
1788271673.270127308 NODE_SCRIPT_EXIT code=0
1788271673.358095348 POLL pid=133241 state=DEAD
1788271673.561421843 POLL pid=133241 state=DEAD
1788271673.764820606 POLL pid=133241 state=DEAD
1788271673.967857887 POLL pid=133241 state=DEAD
1788271674.178795943 POLL pid=133241 state=DEAD
1788271674.382386165 POLL pid=133241 state=DEAD
1788271674.585575727 POLL pid=133241 state=DEAD
1788271674.789096696 POLL pid=133241 state=DEAD
1788271674.992586256 POLL pid=133241 state=DEAD
1788271675.196264461 POLL pid=133241 state=DEAD
1788271675.404677768 POLL pid=133241 state=DEAD
1788271675.612860914 POLL pid=133241 state=DEAD
1788271675.816646393 POLL pid=133241 state=DEAD
1788271676.020636018 POLL pid=133241 state=DEAD
1788271676.224150801 POLL pid=133241 state=DEAD
1788271676.432647650 POLL pid=133241 state=DEAD
1788271676.637595994 POLL pid=133241 state=DEAD
1788271676.842434631 POLL pid=133241 state=DEAD
1788271677.047216104 POLL pid=133241 state=DEAD
1788271677.253334464 POLL pid=133241 state=DEAD
1788271677.458337507 POLL pid=133241 state=DEAD
1788271677.663018697 POLL pid=133241 state=DEAD
1788271677.867505993 POLL pid=133241 state=DEAD
1788271678.071114452 POLL pid=133241 state=DEAD
1788271678.278907388 POLL pid=133241 state=DEAD
1788271678.283611795 POSTCHECK +5s pid=133241 state=DEAD
1788271678.486490250 POLL pid=133241 state=DEAD
1788271678.689804918 POLL pid=133241 state=DEAD
1788271678.893638376 POLL pid=133241 state=DEAD
1788271679.097995566 POLL pid=133241 state=DEAD
1788271679.313578717 POLL pid=133241 state=DEAD
1788271679.521303823 POLL pid=133241 state=DEAD
1788271679.725824977 POLL pid=133241 state=DEAD
1788271679.929554509 POLL pid=133241 state=DEAD
1788271680.134923084 POLL pid=133241 state=DEAD
1788271680.338619143 POLL pid=133241 state=DEAD
1788271680.542493656 POLL pid=133241 state=DEAD
1788271680.746279992 POLL pid=133241 state=DEAD
1788271680.956046276 POLL pid=133241 state=DEAD
1788271681.164525306 POLL pid=133241 state=DEAD
1788271681.372455435 POLL pid=133241 state=DEAD
1788271681.577166899 POLL pid=133241 state=DEAD
1788271681.779907241 POLL pid=133241 state=DEAD
1788271681.982622978 POLL pid=133241 state=DEAD
1788271682.187727934 POLL pid=133241 state=DEAD
1788271682.399921023 POLL pid=133241 state=DEAD
1788271682.608286638 POLL pid=133241 state=DEAD
1788271682.812624612 POLL pid=133241 state=DEAD
1788271683.019269005 POLL pid=133241 state=DEAD
1788271683.223716235 POLL pid=133241 state=DEAD
1788271683.296722075 POSTCHECK +10s pid=133241 state=DEAD
1788271683.430102673 POLL pid=133241 state=DEAD
1788271683.637035221 POLL pid=133241 state=DEAD
1788271683.847184951 POLL pid=133241 state=DEAD
1788271684.049762777 POLL pid=133241 state=DEAD
1788271684.253484340 POLL pid=133241 state=DEAD
1788271684.457034089 POLL pid=133241 state=DEAD
1788271684.661836518 POLL pid=133241 state=DEAD
1788271684.864762685 POLL pid=133241 state=DEAD
1788271685.072469650 POLL pid=133241 state=DEAD
1788271685.278527361 POLL pid=133241 state=DEAD
1788271685.484041698 POLL pid=133241 state=DEAD
1788271685.690360242 POLL pid=133241 state=DEAD
1788271685.894321633 POLL pid=133241 state=DEAD
1788271686.102506602 POLL pid=133241 state=DEAD
1788271686.311139497 POLL pid=133241 state=DEAD
1788271686.515912167 POLL pid=133241 state=DEAD
1788271686.719088466 POLL pid=133241 state=DEAD
1788271686.925702603 POLL pid=133241 state=DEAD
1788271687.128976630 POLL pid=133241 state=DEAD
1788271687.337385563 POLL pid=133241 state=DEAD
1788271687.544846197 POLL pid=133241 state=DEAD
1788271687.749984268 POLL pid=133241 state=DEAD
1788271687.960080265 POLL pid=133241 state=DEAD
1788271688.162978656 POLL pid=133241 state=DEAD
1788271688.301304920 POSTCHECK +15s pid=133241 state=DEAD
1788271688.372805159 POLL pid=133241 state=DEAD
1788271688.582357427 POLL pid=133241 state=DEAD
1788271688.786421325 POLL pid=133241 state=DEAD
1788271688.994641187 POLL pid=133241 state=DEAD
1788271689.197989560 POLL pid=133241 state=DEAD
1788271689.408610026 POLL pid=133241 state=DEAD
1788271689.610942265 POLL pid=133241 state=DEAD
1788271689.818303116 POLL pid=133241 state=DEAD
1788271690.021308804 POLL pid=133241 state=DEAD
1788271690.224840615 POLL pid=133241 state=DEAD
1788271690.428893748 POLL pid=133241 state=DEAD
1788271690.633121680 POLL pid=133241 state=DEAD
1788271690.837753653 POLL pid=133241 state=DEAD
1788271691.040999183 POLL pid=133241 state=DEAD
1788271691.244027819 POLL pid=133241 state=DEAD
1788271691.448210455 POLL pid=133241 state=DEAD
1788271691.661726766 POLL pid=133241 state=DEAD
1788271691.870298536 POLL pid=133241 state=DEAD
1788271692.078559374 POLL pid=133241 state=DEAD
1788271692.287121461 POLL pid=133241 state=DEAD
1788271692.494773146 POLL pid=133241 state=DEAD
1788271692.698529692 POLL pid=133241 state=DEAD
1788271692.902138277 POLL pid=133241 state=DEAD
1788271693.109623295 POLL pid=133241 state=DEAD
1788271693.305082559 POSTCHECK +20s pid=133241 state=DEAD
1788271693.312432698 POLL pid=133241 state=DEAD
1788271693.515981415 POLL pid=133241 state=DEAD
1788271693.719382856 POLL pid=133241 state=DEAD
1788271693.921632668 POLL pid=133241 state=DEAD
1788271694.124828859 POLL pid=133241 state=DEAD
1788271694.329466388 POLL pid=133241 state=DEAD
1788271694.532481791 POLL pid=133241 state=DEAD
1788271694.743917320 POLL pid=133241 state=DEAD
1788271694.951489137 POLL pid=133241 state=DEAD
1788271695.155124566 POLL pid=133241 state=DEAD
1788271695.358806983 POLL pid=133241 state=DEAD
1788271695.562153702 POLL pid=133241 state=DEAD
1788271695.764904218 POLL pid=133241 state=DEAD
1788271695.974600303 POLL pid=133241 state=DEAD
1788271696.179807338 POLL pid=133241 state=DEAD
1788271696.390056607 POLL pid=133241 state=DEAD
1788271696.593673669 POLL pid=133241 state=DEAD
1788271696.798616283 POLL pid=133241 state=DEAD
1788271697.006794528 POLL pid=133241 state=DEAD
1788271697.210638063 POLL pid=133241 state=DEAD
1788271697.414113147 POLL pid=133241 state=DEAD
1788271697.623973336 POLL pid=133241 state=DEAD
1788271697.826875179 POLL pid=133241 state=DEAD
1788271698.031889516 POLL pid=133241 state=DEAD
1788271698.235935878 POLL pid=133241 state=DEAD
1788271698.311017189 POSTCHECK +25s pid=133241 state=DEAD
1788271698.441496732 POLL pid=133241 state=DEAD
1788271698.645914442 POLL pid=133241 state=DEAD
1788271698.849775673 POLL pid=133241 state=DEAD
1788271699.053591980 POLL pid=133241 state=DEAD
1788271699.258158656 POLL pid=133241 state=DEAD
1788271699.460444183 POLL pid=133241 state=DEAD
1788271699.667124716 POLL pid=133241 state=DEAD
1788271699.871192543 POLL pid=133241 state=DEAD
1788271700.076007092 POLL pid=133241 state=DEAD
1788271700.280497952 POLL pid=133241 state=DEAD
1788271700.484666638 POLL pid=133241 state=DEAD
1788271700.689069555 POLL pid=133241 state=DEAD
1788271700.893545024 POLL pid=133241 state=DEAD
1788271701.098376715 POLL pid=133241 state=DEAD
1788271701.301538530 POLL pid=133241 state=DEAD
1788271701.504761027 POLL pid=133241 state=DEAD
1788271701.715899057 POLL pid=133241 state=DEAD
1788271701.920002850 POLL pid=133241 state=DEAD
1788271702.129124392 POLL pid=133241 state=DEAD
1788271702.336811909 POLL pid=133241 state=DEAD
1788271702.544432724 POLL pid=133241 state=DEAD
1788271702.749268294 POLL pid=133241 state=DEAD
1788271702.954605089 POLL pid=133241 state=DEAD
1788271703.159993093 POLL pid=133241 state=DEAD
1788271703.322267759 POSTCHECK +30s pid=133241 state=DEAD
