1788271833.312909020 NODE_SCRIPT_START
1788271835.979521017 WATCH_START pid=134900
1788271835.980705944 POLL pid=134900 state=ALIVE
1788271836.184717714 POLL pid=134900 state=ALIVE
1788271836.389138490 POLL pid=134900 state=ALIVE
1788271836.591677312 POLL pid=134900 state=ALIVE
1788271836.795287487 POLL pid=134900 state=ALIVE
1788271837.008513956 POLL pid=134900 state=ALIVE
1788271837.214802708 POLL pid=134900 state=ALIVE
1788271837.418430618 POLL pid=134900 state=ALIVE
1788271837.624035349 POLL pid=134900 state=ALIVE
1788271837.827233942 POLL pid=134900 state=ALIVE
1788271838.031772049 POLL pid=134900 state=ALIVE
1788271838.238089873 POLL pid=134900 state=ALIVE
1788271838.442081944 POLL pid=134900 state=ALIVE
1788271838.649424857 POLL pid=134900 state=ALIVE
1788271838.863779389 POLL pid=134900 state=ALIVE
1788271839.067577215 POLL pid=134900 state=ALIVE
1788271839.275822410 POLL pid=134900 state=ALIVE
1788271839.479408465 POLL pid=134900 state=ALIVE
1788271839.689870726 POLL pid=134900 state=ALIVE
1788271839.898015529 POLL pid=134900 state=ALIVE
1788271840.103116145 POLL pid=134900 state=ALIVE
1788271840.316927911 POLL pid=134900 state=ALIVE
1788271840.520322262 POLL pid=134900 state=ALIVE
1788271840.731539830 POLL pid=134900 state=ALIVE
1788271840.934427416 POLL pid=134900 state=ALIVE
1788271841.140504275 POLL pid=134900 state=ALIVE
1788271841.344791529 POLL pid=134900 state=ALIVE
1788271841.549122516 POLL pid=134900 state=ALIVE
1788271841.752194075 POLL pid=134900 state=ALIVE
1788271841.955016193 POLL pid=134900 state=ALIVE
1788271842.158292764 POLL pid=134900 state=ALIVE
1788271842.362606184 POLL pid=134900 state=ALIVE
1788271842.566999816 POLL pid=134900 state=ALIVE
1788271842.769804520 POLL pid=134900 state=ALIVE
1788271842.973508190 POLL pid=134900 state=ALIVE
1788271843.177926418 POLL pid=134900 state=ALIVE
1788271843.385817615 POLL pid=134900 state=ALIVE
1788271843.592347724 POLL pid=134900 state=ALIVE
1788271843.797842899 POLL pid=134900 state=ALIVE
1788271844.006923141 POLL pid=134900 state=ALIVE
1788271844.212445740 POLL pid=134900 state=ALIVE
1788271844.415200277 POLL pid=134900 state=ALIVE
1788271844.621605266 POLL pid=134900 state=ALIVE
1788271844.825331188 POLL pid=134900 state=ALIVE
1788271845.031864170 POLL pid=134900 state=ALIVE
1788271845.240279860 POLL pid=134900 state=ALIVE
1788271845.443707394 POLL pid=134900 state=ALIVE
1788271845.648346437 POLL pid=134900 state=ALIVE
1788271845.852612050 POLL pid=134900 state=ALIVE
1788271846.055712527 POLL pid=134900 state=ALIVE
1788271846.260046607 POLL pid=134900 state=ALIVE
1788271846.465303446 POLL pid=134900 state=ALIVE
1788271846.669208902 POLL pid=134900 state=DEAD
1788271846.670371734 DEATH_DETECTED pid=134900
1788271846.873393364 POLL pid=134900 state=DEAD
1788271847.069699418 NODE_SCRIPT_EXIT code=0
1788271847.076593761 POLL pid=134900 state=DEAD
1788271847.280190725 POLL pid=134900 state=DEAD
1788271847.485747760 POLL pid=134900 state=DEAD
1788271847.701225389 POLL pid=134900 state=DEAD
1788271847.904897646 POLL pid=134900 state=DEAD
1788271848.110306206 POLL pid=134900 state=DEAD
1788271848.325115210 POLL pid=134900 state=DEAD
1788271848.534062362 POLL pid=134900 state=DEAD
1788271848.743228389 POLL pid=134900 state=DEAD
1788271848.961299581 POLL pid=134900 state=DEAD
1788271849.165598389 POLL pid=134900 state=DEAD
1788271849.370134130 POLL pid=134900 state=DEAD
1788271849.574758897 POLL pid=134900 state=DEAD
1788271849.779827511 POLL pid=134900 state=DEAD
1788271849.988291067 POLL pid=134900 state=DEAD
1788271850.191925610 POLL pid=134900 state=DEAD
1788271850.395272736 POLL pid=134900 state=DEAD
1788271850.601061133 POLL pid=134900 state=DEAD
1788271850.805797077 POLL pid=134900 state=DEAD
1788271851.015204853 POLL pid=134900 state=DEAD
1788271851.220743117 POLL pid=134900 state=DEAD
1788271851.427566169 POLL pid=134900 state=DEAD
1788271851.633891701 POLL pid=134900 state=DEAD
1788271851.849149395 POLL pid=134900 state=DEAD
1788271852.056823569 POLL pid=134900 state=DEAD
1788271852.074249569 POSTCHECK +5s pid=134900 state=DEAD
1788271852.260007469 POLL pid=134900 state=DEAD
1788271852.470582830 POLL pid=134900 state=DEAD
1788271852.679066538 POLL pid=134900 state=DEAD
1788271852.882957209 POLL pid=134900 state=DEAD
1788271853.086708496 POLL pid=134900 state=DEAD
1788271853.290053259 POLL pid=134900 state=DEAD
1788271853.495543992 POLL pid=134900 state=DEAD
1788271853.709213083 POLL pid=134900 state=DEAD
1788271853.914334791 POLL pid=134900 state=DEAD
1788271854.123138653 POLL pid=134900 state=DEAD
1788271854.330047354 POLL pid=134900 state=DEAD
1788271854.533730072 POLL pid=134900 state=DEAD
1788271854.750250762 POLL pid=134900 state=DEAD
1788271854.954241569 POLL pid=134900 state=DEAD
1788271855.160894504 POLL pid=134900 state=DEAD
1788271855.367534872 POLL pid=134900 state=DEAD
1788271855.571886726 POLL pid=134900 state=DEAD
1788271855.789508127 POLL pid=134900 state=DEAD
1788271855.994091717 POLL pid=134900 state=DEAD
1788271856.211996588 POLL pid=134900 state=DEAD
1788271856.415797764 POLL pid=134900 state=DEAD
1788271856.620461882 POLL pid=134900 state=DEAD
1788271856.837236252 POLL pid=134900 state=DEAD
1788271857.042373877 POLL pid=134900 state=DEAD
1788271857.080058700 POSTCHECK +10s pid=134900 state=DEAD
1788271857.245836346 POLL pid=134900 state=DEAD
1788271857.450054563 POLL pid=134900 state=DEAD
1788271857.658055519 POLL pid=134900 state=DEAD
1788271857.864656285 POLL pid=134900 state=DEAD
1788271858.071935119 POLL pid=134900 state=DEAD
1788271858.279473922 POLL pid=134900 state=DEAD
1788271858.483881607 POLL pid=134900 state=DEAD
1788271858.692752351 POLL pid=134900 state=DEAD
1788271858.906354073 POLL pid=134900 state=DEAD
1788271859.115544467 POLL pid=134900 state=DEAD
1788271859.328364249 POLL pid=134900 state=DEAD
1788271859.536815751 POLL pid=134900 state=DEAD
1788271859.741009259 POLL pid=134900 state=DEAD
1788271859.958048800 POLL pid=134900 state=DEAD
1788271860.169287930 POLL pid=134900 state=DEAD
1788271860.372731284 POLL pid=134900 state=DEAD
1788271860.578567311 POLL pid=134900 state=DEAD
1788271860.785951846 POLL pid=134900 state=DEAD
1788271860.994969572 POLL pid=134900 state=DEAD
1788271861.202265722 POLL pid=134900 state=DEAD
1788271861.406904990 POLL pid=134900 state=DEAD
1788271861.612993373 POLL pid=134900 state=DEAD
1788271861.820586408 POLL pid=134900 state=DEAD
1788271862.027333713 POLL pid=134900 state=DEAD
1788271862.084983766 POSTCHECK +15s pid=134900 state=DEAD
1788271862.233778943 POLL pid=134900 state=DEAD
1788271862.437523642 POLL pid=134900 state=DEAD
1788271862.643061321 POLL pid=134900 state=DEAD
1788271862.850580684 POLL pid=134900 state=DEAD
1788271863.061450638 POLL pid=134900 state=DEAD
1788271863.268074695 POLL pid=134900 state=DEAD
1788271863.472319380 POLL pid=134900 state=DEAD
1788271863.678403325 POLL pid=134900 state=DEAD
1788271863.884408381 POLL pid=134900 state=DEAD
1788271864.101356044 POLL pid=134900 state=DEAD
1788271864.304417472 POLL pid=134900 state=DEAD
1788271864.510599857 POLL pid=134900 state=DEAD
1788271864.718230899 POLL pid=134900 state=DEAD
1788271864.922419696 POLL pid=134900 state=DEAD
1788271865.127473618 POLL pid=134900 state=DEAD
1788271865.339193513 POLL pid=134900 state=DEAD
1788271865.548154199 POLL pid=134900 state=DEAD
1788271865.753209139 POLL pid=134900 state=DEAD
1788271865.958415217 POLL pid=134900 state=DEAD
1788271866.163564502 POLL pid=134900 state=DEAD
1788271866.370853977 POLL pid=134900 state=DEAD
1788271866.573762319 POLL pid=134900 state=DEAD
1788271866.783984754 POLL pid=134900 state=DEAD
1788271866.987128505 POLL pid=134900 state=DEAD
1788271867.089808997 POSTCHECK +20s pid=134900 state=DEAD
1788271867.190409881 POLL pid=134900 state=DEAD
1788271867.393393815 POLL pid=134900 state=DEAD
1788271867.596295962 POLL pid=134900 state=DEAD
1788271867.808234683 POLL pid=134900 state=DEAD
1788271868.012365290 POLL pid=134900 state=DEAD
1788271868.229714568 POLL pid=134900 state=DEAD
1788271868.433542486 POLL pid=134900 state=DEAD
1788271868.639829868 POLL pid=134900 state=DEAD
1788271868.850665068 POLL pid=134900 state=DEAD
1788271869.065538161 POLL pid=134900 state=DEAD
1788271869.269153527 POLL pid=134900 state=DEAD
1788271869.473712640 POLL pid=134900 state=DEAD
1788271869.682840459 POLL pid=134900 state=DEAD
1788271869.897924693 POLL pid=134900 state=DEAD
1788271870.101751390 POLL pid=134900 state=DEAD
1788271870.305390550 POLL pid=134900 state=DEAD
1788271870.509713165 POLL pid=134900 state=DEAD
1788271870.723278792 POLL pid=134900 state=DEAD
1788271870.929037227 POLL pid=134900 state=DEAD
1788271871.132985044 POLL pid=134900 state=DEAD
1788271871.344876426 POLL pid=134900 state=DEAD
1788271871.550844649 POLL pid=134900 state=DEAD
1788271871.755561489 POLL pid=134900 state=DEAD
1788271871.962646565 POLL pid=134900 state=DEAD
1788271872.099580077 POSTCHECK +25s pid=134900 state=DEAD
1788271872.166343680 POLL pid=134900 state=DEAD
1788271872.373345719 POLL pid=134900 state=DEAD
1788271872.579873350 POLL pid=134900 state=DEAD
1788271872.786107508 POLL pid=134900 state=DEAD
1788271872.993317541 POLL pid=134900 state=DEAD
1788271873.202014986 POLL pid=134900 state=DEAD
1788271873.411113945 POLL pid=134900 state=DEAD
1788271873.614774884 POLL pid=134900 state=DEAD
1788271873.820911310 POLL pid=134900 state=DEAD
1788271874.027824858 POLL pid=134900 state=DEAD
1788271874.243865836 POLL pid=134900 state=DEAD
1788271874.451536708 POLL pid=134900 state=DEAD
1788271874.655267149 POLL pid=134900 state=DEAD
1788271874.864270606 POLL pid=134900 state=DEAD
1788271875.074653705 POLL pid=134900 state=DEAD
1788271875.281620045 POLL pid=134900 state=DEAD
1788271875.491489536 POLL pid=134900 state=DEAD
1788271875.702245422 POLL pid=134900 state=DEAD
1788271875.907229676 POLL pid=134900 state=DEAD
1788271876.115963592 POLL pid=134900 state=DEAD
1788271876.319128295 POLL pid=134900 state=DEAD
1788271876.530923288 POLL pid=134900 state=DEAD
1788271876.743526837 POLL pid=134900 state=DEAD
1788271876.946503585 POLL pid=134900 state=DEAD
1788271877.106240015 POSTCHECK +30s pid=134900 state=DEAD
