2026-09-01T14:37:11.836709+00:00 pid=140655 STARTED
2026-09-01T14:37:19.830548+00:00 pid=140655 SIGNAL_RECEIVED_BUT_IGNORED signal=SIGINT(2)
2026-09-01T14:37:19.830786+00:00 pid=140655 SIGNAL_RECEIVED_BUT_IGNORED signal=SIGTERM(15)
2026-09-01T14:37:20.132374+00:00 pid=140655 MCP_RUN_RETURNED_NATURALLY (likely stdin EOF/close detected internally)
2026-09-01T14:37:20.132803+00:00 pid=140655 PROCESS_EXITING
2026-09-01T14:41:06.417043+00:00 pid=142402 STARTED
2026-09-01T14:41:06.459188+00:00 pid=142396 STARTED
2026-09-01T14:41:19.549385+00:00 pid=142402 SIGNAL_RECEIVED signal=SIGINT(2)
2026-09-01T14:41:19.549711+00:00 pid=142402 SIGNAL_RECEIVED signal=SIGTERM(15)
2026-09-01T14:41:20.139226+00:00 pid=142402 SYSTEM_EXIT code=130
2026-09-01T14:41:20.139618+00:00 pid=142402 PROCESS_EXITING
2026-09-01T14:41:20.600239+00:00 pid=142396 SIGNAL_RECEIVED signal=SIGINT(2)
2026-09-01T14:41:20.600597+00:00 pid=142396 SIGNAL_RECEIVED signal=SIGTERM(15)
2026-09-01T14:41:21.175163+00:00 pid=142396 SYSTEM_EXIT code=130
2026-09-01T14:41:21.175249+00:00 pid=142396 PROCESS_EXITING
2026-09-01T14:43:46.143308+00:00 pid=143699 STARTED
2026-09-01T14:43:46.157575+00:00 pid=143702 STARTED
2026-09-01T14:43:59.507329+00:00 pid=143699 SIGNAL_RECEIVED signal=SIGINT(2)
2026-09-01T14:43:59.507655+00:00 pid=143699 SIGNAL_RECEIVED signal=SIGTERM(15)
2026-09-01T14:44:00.129324+00:00 pid=143699 SYSTEM_EXIT code=130
2026-09-01T14:44:00.129405+00:00 pid=143699 PROCESS_EXITING
2026-09-01T14:44:02.937133+00:00 pid=143702 SIGNAL_RECEIVED signal=SIGINT(2)
2026-09-01T14:44:02.937469+00:00 pid=143702 SIGNAL_RECEIVED signal=SIGTERM(15)
2026-09-01T14:44:03.547151+00:00 pid=143702 SYSTEM_EXIT code=130
2026-09-01T14:44:03.547235+00:00 pid=143702 PROCESS_EXITING
2026-09-01T14:56:27.532915+00:00 pid=149513 STARTED
2026-09-01T14:56:39.693952+00:00 pid=149513 SIGNAL_RECEIVED signal=SIGINT(2)
2026-09-01T14:56:39.694343+00:00 pid=149513 SIGNAL_RECEIVED signal=SIGTERM(15)
2026-09-01T14:56:40.321969+00:00 pid=149513 SYSTEM_EXIT code=130
2026-09-01T14:56:40.322072+00:00 pid=149513 PROCESS_EXITING
